// Jest Snapshot v1, https://goo.gl/fbAQLP

exports[`updatePassword.ts should update password 1`] = `
Object {
  "data": Object {
    "updatePassword": Object {
      "error": true,
      "message": "Password successfuly changed!",
    },
  },
}
`;
